python : C:\Users\Mik\AppData\Roaming\Python\Python314\site-packages\langchain_core\_api\deprecation.py:26: UserWarning: Core Pydantic V1 
functionality isn't compatible with Python 3.14 or greater.
At line:1 char:1
+ python tests\manual\test_integration.py "C:\Users\Mik\Downloads\CTMM2 ...
+ ~~~~~~~~~~~~~~~~~~~~~~~~~~~~~~~~~~~~~~~~~~~~~~~~~~~~~~~~~~~~~~~~~~~~~
    + CategoryInfo          : NotSpecified: (C:\Users\Mik\Ap....14 or greater.:String) [], RemoteException
    + FullyQualifiedErrorId : NativeCommandError
 
  from pydantic.v1.fields import FieldInfo as FieldInfoV1

======================================================================
RAG PIPELINE INTEGRATION TEST
======================================================================
Testing with file: C:\Users\Mik\Downloads\CTMM2506 release notes.pdf


[Step 1] Loading PDF
----------------------------------------------------------------------

======================================================================
Traceback (most recent call last):
  File "C:\IT\Training\AI_Academy\HW6\tests\manual\test_integration.py", line 64, in step1_load_pdf
    print_success(f"PDF loaded successfully")
    ~~~~~~~~~~~~~^^^^^^^^^^^^^^^^^^^^^^^^^^^^
  File "C:\IT\Training\AI_Academy\HW6\tests\manual\test_integration.py", line 43, in print_success
    print(f"\u2713 {message}")
    ~~~~~^^^^^^^^^^^^^^^^
  File "C:\Python314\Lib\encodings\cp1252.py", line 19, in encode
    return codecs.charmap_encode(input,self.errors,encoding_table)[0]
           ~~~~~~~~~~~~~~~~~~~~~^^^^^^^^^^^^^^^^^^^^^^^^^^^^^^^^^^
UnicodeEncodeError: 'charmap' codec can't encode character '\u2713' in position 0: character maps to <undefined>

During handling of the above exception, another exception occurred:

Traceback (most recent call last):
  File "C:\IT\Training\AI_Academy\HW6\tests\manual\test_integration.py", line 319, in main
    pdf_result = step1_load_pdf(pdf_path)
  File "C:\IT\Training\AI_Academy\HW6\tests\manual\test_integration.py", line 82, in step1_load_pdf
    print_error(f"Unexpected error during PDF loading: {e}")
    ~~~~~~~~~~~^^^^^^^^^^^^^^^^^^^^^^^^^^^^^^^^^^^^^^^^^^^^^
  File "C:\IT\Training\AI_Academy\HW6\tests\manual\test_integration.py", line 48, in print_error
    print(f"\u274c {message}")
    ~~~~~^^^^^^^^^^^^^^^^^
  File "C:\Python314\Lib\encodings\cp1252.py", line 19, in encode
    return codecs.charmap_encode(input,self.errors,encoding_table)[0]
           ~~~~~~~~~~~~~~~~~~~~~^^^^^^^^^^^^^^^^^^^^^^^^^^^^^^^^^^
UnicodeEncodeError: 'charmap' codec can't encode character '\u274c' in position 0: character maps to <undefined>

During handling of the above exception, another exception occurred:

Traceback (most recent call last):
  File "C:\IT\Training\AI_Academy\HW6\tests\manual\test_integration.py", line 348, in <module>
    main()
    ~~~~^^
  File "C:\IT\Training\AI_Academy\HW6\tests\manual\test_integration.py", line 341, in main
    print("\u274c INTEGRATION TEST FAILED")
    ~~~~~^^^^^^^^^^^^^^^^^^^^^^^^^^^^^^
  File "C:\Python314\Lib\encodings\cp1252.py", line 19, in encode
    return codecs.charmap_encode(input,self.errors,encoding_table)[0]
           ~~~~~~~~~~~~~~~~~~~~~^^^^^^^^^^^^^^^^^^^^^^^^^^^^^^^^^^
UnicodeEncodeError: 'charmap' codec can't encode character '\u274c' in position 0: character maps to <undefined>
